// Jest Snapshot v1, https://goo.gl/fbAQLP

exports[`should render ExpenseList "No Expenses" msg 1`] = `
<div>
  <p>
    No Expenses
  </p>
</div>
`;

exports[`should render ExpenseList with expenses 1`] = `
<div>
  <ExpenseListItem
    expense={
      Object {
        "amount": 195,
        "createdAt": "1970-01-01T00:00:00.000Z",
        "description": "Gum",
        "id": "1",
        "note": "",
      }
    }
    key="1"
  />
  <ExpenseListItem
    expense={
      Object {
        "amount": 200000,
        "createdAt": -345600000,
        "description": "Rent",
        "id": "2",
        "note": "",
      }
    }
    key="2"
  />
  <ExpenseListItem
    expense={
      Object {
        "amount": 31100,
        "createdAt": 345600000,
        "description": "Credit Card",
        "id": "3",
        "note": "",
      }
    }
    key="3"
  />
</div>
`;
