// Jest Snapshot v1, https://goo.gl/fbAQLP

exports[`should render 404 page correctly 1`] = `
<div>
  Page Not Found 404 - 
  <Link
    replace={false}
    to="/"
  >
    Go Home, You're Drunk
  </Link>
</div>
`;
